21-05-2025 20:37:04 info 21-05-2025 20:37:04 undefined
[INFO]21-05-2025 20:38:14:  21-05-2025 20:38:14 undefined
[INFO]21-05-2025 20:39:00: undefined
[INFO]21-05-2025 20:40:08: Usuarios encontrados con exito
[INFO] 22-05-2025 20:09:18: Usuarios encontrados con exito
[INFO] 18-11-2025 23:06:50: La base de datos ya fue inicializada, saltando procesos.
[INFO] 18-11-2025 23:06:50: Server ON http://localhost:3000
[INFO] 18-11-2025 23:07:36: La base de datos ya fue inicializada, saltando procesos.
[INFO] 18-11-2025 23:07:36: Server ON http://localhost:3000
[INFO] 18-11-2025 23:12:24: La base de datos ya fue inicializada, saltando procesos.
[INFO] 18-11-2025 23:12:24: Server ON http://localhost:3001
[WARN] 18-11-2025 23:12:44: Failed login attempt for email: admin@domain.com
[WARN] 18-11-2025 23:12:48: Failed login attempt for email: admin123@domain.com
[INFO] 19-11-2025 10:36:34: La base de datos ya fue inicializada, saltando procesos.
[INFO] 19-11-2025 10:36:34: Server ON http://localhost:3001
[WARN] 19-11-2025 10:54:23: Authentication attempt without token
[INFO] 19-11-2025 11:00:47: La base de datos ya fue inicializada, saltando procesos.
[INFO] 19-11-2025 11:00:47: Server ON http://localhost:3001
[INFO] 19-11-2025 11:00:58: La base de datos ya fue inicializada, saltando procesos.
[INFO] 19-11-2025 11:00:58: Server ON http://localhost:3001
[INFO] 19-11-2025 11:01:18: La base de datos ya fue inicializada, saltando procesos.
[INFO] 19-11-2025 11:01:18: Server ON http://localhost:3001
[INFO] 19-11-2025 11:01:23: La base de datos ya fue inicializada, saltando procesos.
[INFO] 19-11-2025 11:01:23: Server ON http://localhost:3001
[INFO] 19-11-2025 11:01:29: La base de datos ya fue inicializada, saltando procesos.
[INFO] 19-11-2025 11:01:29: Server ON http://localhost:3001
[INFO] 19-11-2025 11:01:49: La base de datos ya fue inicializada, saltando procesos.
[INFO] 19-11-2025 11:01:49: Server ON http://localhost:3001
[INFO] 19-11-2025 11:04:27: La base de datos ya fue inicializada, saltando procesos.
[INFO] 19-11-2025 11:04:27: Server ON http://localhost:3001
[INFO] 19-11-2025 11:04:47: La base de datos ya fue inicializada, saltando procesos.
[INFO] 19-11-2025 11:04:47: Server ON http://localhost:3001
[INFO] 19-11-2025 11:05:00: Iniciando seed de datos de prueba...
[INFO] 19-11-2025 11:05:00: Iniciando inserción de datos de prueba...
[WARN] 19-11-2025 11:05:00: No hay suficientes usuarios. Asegúrate de inicializar usuarios primero.
[INFO] 19-11-2025 11:05:29: La base de datos ya fue inicializada, saltando procesos.
[INFO] 19-11-2025 11:05:29: Server ON http://localhost:3001
[INFO] 19-11-2025 11:06:11: La base de datos ya fue inicializada, saltando procesos.
[INFO] 19-11-2025 11:06:11: Server ON http://localhost:3001
[INFO] 19-11-2025 11:06:38: La base de datos ya fue inicializada, saltando procesos.
[INFO] 19-11-2025 11:06:38: Server ON http://localhost:3001
[INFO] 19-11-2025 11:07:09: La base de datos ya fue inicializada, saltando procesos.
[INFO] 19-11-2025 11:07:09: Server ON http://localhost:3001
[INFO] 19-11-2025 11:07:28: La base de datos ya fue inicializada, saltando procesos.
[INFO] 19-11-2025 11:07:28: Server ON http://localhost:3001
[INFO] 19-11-2025 11:07:41: La base de datos ya fue inicializada, saltando procesos.
[INFO] 19-11-2025 11:07:41: Server ON http://localhost:3001
[INFO] 19-11-2025 11:09:45: Iniciando seed de datos de prueba...
[INFO] 19-11-2025 11:09:45: Iniciando inserción de datos de prueba...
[WARN] 19-11-2025 11:09:45: No hay suficientes usuarios. Asegúrate de inicializar usuarios primero.
[INFO] 19-11-2025 11:11:47: Iniciando seed de datos de prueba...
[INFO] 19-11-2025 11:11:47: Iniciando inserción de datos de prueba...
[WARN] 19-11-2025 11:11:47: No hay suficientes usuarios. Asegúrate de inicializar usuarios primero.
[INFO] 19-11-2025 11:11:59: La base de datos ya fue inicializada, saltando procesos.
[INFO] 19-11-2025 11:11:59: Server ON http://localhost:3001
[INFO] 19-11-2025 11:12:03: Iniciando seed completo de datos de prueba...
[INFO] 19-11-2025 11:12:03: Inicializando roles...
[INFO] 19-11-2025 11:12:03: Inicializando usuarios...
[INFO] 19-11-2025 11:12:08: Inicializando datos de prueba...
[INFO] 19-11-2025 11:12:08: Iniciando inserción de datos de prueba...
[INFO] 19-11-2025 11:12:08: Creando posiciones...
[INFO] 19-11-2025 11:12:08: Posición creada: Desarrollador Full Stack Senior
[INFO] 19-11-2025 11:12:08: Posición creada: Product Manager
[INFO] 19-11-2025 11:12:08: Posición creada: Diseñador UX/UI
[INFO] 19-11-2025 11:12:08: Posición creada: DevOps Engineer
[INFO] 19-11-2025 11:12:08: Posición creada: Data Scientist
[INFO] 19-11-2025 11:12:08: Posición creada: Backend Developer
[INFO] 19-11-2025 11:12:08: Posición creada: Frontend Developer
[INFO] 19-11-2025 11:12:08: Posición creada: QA Engineer
[INFO] 19-11-2025 11:12:08: Posición creada: Mobile Developer (iOS/Android)
[INFO] 19-11-2025 11:12:08: Posición creada: Security Engineer
[INFO] 19-11-2025 11:12:08: Creando procesos...
[INFO] 19-11-2025 11:12:08: Proceso creado: Proceso de Selección - Desarrollador Full Stack
[INFO] 19-11-2025 11:12:08: Proceso creado: Proceso de Selección - Product Manager
[INFO] 19-11-2025 11:12:08: Proceso creado: Proceso de Selección - DevOps Engineer
[INFO] 19-11-2025 11:12:08: Proceso creado: Proceso de Selección - Data Scientist
[INFO] 19-11-2025 11:12:08: Proceso creado: Proceso de Selección - Backend Developer
[INFO] 19-11-2025 11:12:08: Proceso creado: Proceso de Selección - Frontend Developer
[INFO] 19-11-2025 11:12:08: Proceso creado: Proceso de Selección - Mobile Developer
[INFO] 19-11-2025 11:12:08: Proceso creado: Proceso de Selección - Security Engineer
[INFO] 19-11-2025 11:12:08: Creando perfiles de talentos...
[INFO] 19-11-2025 11:12:08: Perfil creado para talento ID: 5
[INFO] 19-11-2025 11:12:08: Perfil creado para talento ID: 14
[INFO] 19-11-2025 11:12:08: Perfil creado para talento ID: 15
[INFO] 19-11-2025 11:12:08: Perfil creado para talento ID: 16
[INFO] 19-11-2025 11:12:08: Perfil creado para talento ID: 17
[INFO] 19-11-2025 11:12:08: Perfil creado para talento ID: 18
[INFO] 19-11-2025 11:12:08: Perfil creado para talento ID: 19
[INFO] 19-11-2025 11:12:08: Perfil creado para talento ID: 20
[INFO] 19-11-2025 11:12:08: Perfil creado para talento ID: 21
[INFO] 19-11-2025 11:12:08: Perfil creado para talento ID: 22
[INFO] 19-11-2025 11:12:08: Creando CVs para talentos...
[INFO] 19-11-2025 11:12:08: CV creado para talento ID: 5, versión: 1
[INFO] 19-11-2025 11:12:08: CV creado para talento ID: 5, versión: 2
[INFO] 19-11-2025 11:12:08: CV creado para talento ID: 14, versión: 1
[INFO] 19-11-2025 11:12:08: CV creado para talento ID: 15, versión: 1
[INFO] 19-11-2025 11:12:08: CV creado para talento ID: 16, versión: 1
[INFO] 19-11-2025 11:12:08: CV creado para talento ID: 17, versión: 1
[INFO] 19-11-2025 11:12:08: CV creado para talento ID: 18, versión: 1
[INFO] 19-11-2025 11:12:08: CV creado para talento ID: 19, versión: 1
[INFO] 19-11-2025 11:12:08: CV creado para talento ID: 20, versión: 1
[INFO] 19-11-2025 11:12:08: CV creado para talento ID: 21, versión: 1
[INFO] 19-11-2025 11:12:08: CV creado para talento ID: 22, versión: 1
[INFO] 19-11-2025 11:12:08: Creando metas mensuales...
[INFO] 19-11-2025 11:12:08: Meta mensual creada: 11/2025
[INFO] 19-11-2025 11:12:08: Meta mensual creada: 10/2025
[INFO] 19-11-2025 11:12:08: Creando metas anuales...
[INFO] 19-11-2025 11:12:08: Meta anual creada: 2025
[INFO] 19-11-2025 11:12:08: Meta anual creada: 2024
[INFO] 19-11-2025 11:12:16: La base de datos ya fue inicializada, saltando procesos.
[INFO] 19-11-2025 11:12:16: Server ON http://localhost:3001
[INFO] 19-11-2025 11:19:12: La base de datos ya fue inicializada, saltando procesos.
[INFO] 19-11-2025 11:19:12: Server ON http://localhost:3001
[INFO] 19-11-2025 11:19:35: Iniciando seed completo de datos de prueba...
[INFO] 19-11-2025 11:19:35: Inicializando roles...
[INFO] 19-11-2025 11:19:35: Inicializando usuarios...
[INFO] 19-11-2025 11:19:35: Inicializando datos de prueba...
[INFO] 19-11-2025 11:19:35: Iniciando inserción de datos de prueba...
[INFO] 19-11-2025 11:19:35: Creando posiciones...
[INFO] 19-11-2025 11:19:35: Creando procesos...
[INFO] 19-11-2025 11:19:35: Creando perfiles de talentos...
[INFO] 19-11-2025 11:19:35: Creando CVs para talentos...
[INFO] 19-11-2025 11:19:35: Creando metas mensuales...
[INFO] 19-11-2025 11:19:35: Creando metas anuales...
[INFO] 19-11-2025 11:19:35: ✅ Datos de prueba insertados correctamente
[INFO] 19-11-2025 11:19:38: La base de datos ya fue inicializada, saltando procesos.
[INFO] 19-11-2025 11:19:38: Server ON http://localhost:3001
[INFO] 19-11-2025 11:19:40: La base de datos ya fue inicializada, saltando procesos.
[INFO] 19-11-2025 11:19:40: Server ON http://localhost:3001
[INFO] 19-11-2025 11:19:42: La base de datos ya fue inicializada, saltando procesos.
[INFO] 19-11-2025 11:19:42: Server ON http://localhost:3001
[INFO] 19-11-2025 11:19:54: La base de datos ya fue inicializada, saltando procesos.
[INFO] 19-11-2025 11:19:54: Server ON http://localhost:3001
[INFO] 19-11-2025 11:19:57: La base de datos ya fue inicializada, saltando procesos.
[INFO] 19-11-2025 11:19:57: Server ON http://localhost:3001
[INFO] 19-11-2025 11:19:59: La base de datos ya fue inicializada, saltando procesos.
[INFO] 19-11-2025 11:19:59: Server ON http://localhost:3001
[INFO] 19-11-2025 11:20:06: La base de datos ya fue inicializada, saltando procesos.
[INFO] 19-11-2025 11:20:06: Server ON http://localhost:3001
[INFO] 19-11-2025 11:20:17: La base de datos ya fue inicializada, saltando procesos.
[INFO] 19-11-2025 11:20:17: Server ON http://localhost:3001
[INFO] 19-11-2025 11:20:23: La base de datos ya fue inicializada, saltando procesos.
[INFO] 19-11-2025 11:20:23: Server ON http://localhost:3001
[INFO] 19-11-2025 11:20:47: La base de datos ya fue inicializada, saltando procesos.
[INFO] 19-11-2025 11:20:47: Server ON http://localhost:3001
[INFO] 19-11-2025 11:21:13: La base de datos ya fue inicializada, saltando procesos.
[INFO] 19-11-2025 11:21:13: Server ON http://localhost:3001
[INFO] 19-11-2025 11:21:18: Iniciando seed completo de datos de prueba...
[INFO] 19-11-2025 11:21:18: Inicializando roles...
[INFO] 19-11-2025 11:21:18: Inicializando usuarios...
[INFO] 19-11-2025 11:21:18: Inicializando datos de prueba...
[INFO] 19-11-2025 11:21:18: Iniciando inserción de datos de prueba...
[INFO] 19-11-2025 11:21:18: Creando posiciones...
[INFO] 19-11-2025 11:21:18: Creando procesos...
[INFO] 19-11-2025 11:21:18: Creando perfiles de talentos...
[INFO] 19-11-2025 11:21:18: Creando CVs para talentos...
[INFO] 19-11-2025 11:21:18: Creando metas mensuales...
[INFO] 19-11-2025 11:21:18: Creando metas anuales...
[INFO] 19-11-2025 11:21:18: ✅ Datos de prueba insertados correctamente
[INFO] 19-11-2025 11:21:18: - 10 posiciones creadas
[INFO] 19-11-2025 11:21:18: - 8 procesos creados
[INFO] 19-11-2025 11:21:18: - 10 perfiles de talentos creados
[INFO] 19-11-2025 11:21:18: - 11 CVs creados
[INFO] 19-11-2025 11:21:18: - 2 metas mensuales creadas
[INFO] 19-11-2025 11:21:18: - 2 metas anuales creadas
[INFO] 19-11-2025 11:21:18: ✅ Seed completado exitosamente
[INFO] 19-11-2025 11:21:30: La base de datos ya fue inicializada, saltando procesos.
[INFO] 19-11-2025 11:21:30: Server ON http://localhost:3001
[INFO] 19-11-2025 11:21:32: La base de datos ya fue inicializada, saltando procesos.
[INFO] 19-11-2025 11:21:32: Server ON http://localhost:3001
[INFO] 19-11-2025 11:21:45: La base de datos ya fue inicializada, saltando procesos.
[INFO] 19-11-2025 11:21:45: Server ON http://localhost:3001
[INFO] 19-11-2025 11:21:47: La base de datos ya fue inicializada, saltando procesos.
[INFO] 19-11-2025 11:21:47: Server ON http://localhost:3001
[INFO] 19-11-2025 11:23:45: La base de datos ya fue inicializada, saltando procesos.
[INFO] 19-11-2025 11:23:45: Server ON http://localhost:3001
[INFO] 19-11-2025 11:24:02: La base de datos ya fue inicializada, saltando procesos.
[INFO] 19-11-2025 11:24:02: Server ON http://localhost:3001
[WARN] 19-11-2025 11:25:58: Failed login attempt for email: admin@dtest.com
[WARN] 19-11-2025 11:26:38: Failed login attempt for email: admin@dtest.com
[INFO] 19-11-2025 11:27:08: La base de datos ya fue inicializada, saltando procesos.
[INFO] 19-11-2025 11:27:08: Server ON http://localhost:3001
[INFO] 19-11-2025 11:27:22: La base de datos ya fue inicializada, saltando procesos.
[INFO] 19-11-2025 11:27:22: Server ON http://localhost:3001
[WARN] 19-11-2025 11:27:24: Failed login attempt for email: admin@dtest.com
[INFO] 19-11-2025 11:27:34: La base de datos ya fue inicializada, saltando procesos.
[INFO] 19-11-2025 11:27:34: Server ON http://localhost:3001
[WARN] 19-11-2025 11:27:34: Failed login attempt for email: admin@dtest.com
[INFO] 19-11-2025 11:28:34: La base de datos ya fue inicializada, saltando procesos.
[INFO] 19-11-2025 11:28:34: Server ON http://localhost:3001
[INFO] 19-11-2025 11:28:48: User logged in: admin@test.com
[INFO] 19-11-2025 11:29:21: La base de datos ya fue inicializada, saltando procesos.
[INFO] 19-11-2025 11:29:21: Server ON http://localhost:3001
[INFO] 19-11-2025 11:30:45: La base de datos ya fue inicializada, saltando procesos.
[INFO] 19-11-2025 11:30:45: Server ON http://localhost:3001
[INFO] 19-11-2025 11:30:49: La base de datos ya fue inicializada, saltando procesos.
[INFO] 19-11-2025 11:30:49: Server ON http://localhost:3001
[INFO] 19-11-2025 11:30:53: La base de datos ya fue inicializada, saltando procesos.
[INFO] 19-11-2025 11:30:53: Server ON http://localhost:3001
[INFO] 19-11-2025 11:31:09: User logged in: admin@test.com
[INFO] 19-11-2025 11:31:09: Admin stats retrieved
[INFO] 19-11-2025 11:31:17: Processes retrieved: 8
[INFO] 19-11-2025 11:31:19: Positions retrieved: 0
[INFO] 19-11-2025 11:31:23: Admin stats retrieved
[INFO] 19-11-2025 11:31:37: Admin stats retrieved
[INFO] 19-11-2025 11:39:24: Processes retrieved: 8
[INFO] 19-11-2025 11:39:25: Positions retrieved: 0
[INFO] 19-11-2025 11:39:28: Admin stats retrieved
[INFO] 19-11-2025 11:48:35: Processes retrieved: 8
[INFO] 19-11-2025 11:48:42: Admin stats retrieved
[WARN] 19-11-2025 15:00:49: Token verification failed
[INFO] 19-11-2025 15:00:56: User logged in: admin@test.com
[INFO] 19-11-2025 15:00:56: Admin stats retrieved
[INFO] 19-11-2025 15:01:14: Admin stats retrieved
[INFO] 19-11-2025 15:01:28: Admin stats retrieved
[INFO] 19-11-2025 15:02:52: Admin stats retrieved
[INFO] 19-11-2025 15:02:59: Admin stats retrieved
[INFO] 19-11-2025 15:03:02: Admin stats retrieved
[INFO] 19-11-2025 15:03:29: Admin stats retrieved
[INFO] 19-11-2025 15:03:44: Admin stats retrieved
[INFO] 19-11-2025 15:09:07: Admin stats retrieved
[INFO] 19-11-2025 15:09:17: Admin stats retrieved
[INFO] 19-11-2025 15:09:22: Admin stats retrieved
[INFO] 19-11-2025 15:09:34: Admin stats retrieved
[INFO] 19-11-2025 15:09:36: Admin stats retrieved
[INFO] 19-11-2025 15:09:49: Admin stats retrieved
[INFO] 19-11-2025 15:09:55: Admin stats retrieved
[INFO] 19-11-2025 15:11:01: Admin stats retrieved
[INFO] 19-11-2025 15:12:23: Admin stats retrieved
[INFO] 19-11-2025 15:14:28: Admin stats retrieved
[INFO] 19-11-2025 15:14:31: Admin stats retrieved
[INFO] 19-11-2025 15:15:14: Processes retrieved: 8
[INFO] 19-11-2025 15:15:15: Admin stats retrieved
[INFO] 19-11-2025 15:20:19: Processes retrieved: 8
[INFO] 19-11-2025 15:20:20: Positions retrieved: 0
[INFO] 19-11-2025 15:20:23: Admin stats retrieved
[INFO] 19-11-2025 15:20:24: Admin stats retrieved
[INFO] 19-11-2025 15:21:04: Admin stats retrieved
[INFO] 19-11-2025 15:21:22: Admin stats retrieved
[INFO] 19-11-2025 15:29:11: Processes retrieved: 8
[INFO] 19-11-2025 15:29:13: Positions retrieved: 0
[INFO] 19-11-2025 15:29:14: Admin stats retrieved
[INFO] 19-11-2025 15:29:15: Processes retrieved: 8
[INFO] 19-11-2025 15:29:16: Positions retrieved: 0
[INFO] 19-11-2025 15:29:17: Processes retrieved: 8
[INFO] 19-11-2025 15:29:21: Admin stats retrieved
[INFO] 19-11-2025 15:29:53: Processes retrieved: 8
[INFO] 19-11-2025 15:29:54: Positions retrieved: 0
[INFO] 19-11-2025 15:29:55: Admin stats retrieved
[INFO] 19-11-2025 15:32:14: Processes retrieved: 8
[INFO] 19-11-2025 15:32:16: Admin stats retrieved
[INFO] 19-11-2025 15:32:19: Positions retrieved: 0
[INFO] 19-11-2025 15:32:20: Processes retrieved: 8
[INFO] 19-11-2025 15:32:20: Positions retrieved: 0
[INFO] 19-11-2025 15:32:23: Admin stats retrieved
[INFO] 19-11-2025 15:32:32: Admin stats retrieved
[INFO] 19-11-2025 15:32:35: Admin stats retrieved
[INFO] 19-11-2025 15:37:13: Admin stats retrieved
[INFO] 19-11-2025 15:37:44: Admin stats retrieved
[INFO] 19-11-2025 15:38:28: Processes retrieved: 8
[INFO] 19-11-2025 15:38:31: Admin stats retrieved
[INFO] 19-11-2025 15:39:38: Admin stats retrieved
[INFO] 19-11-2025 15:39:45: Admin stats retrieved
[INFO] 19-11-2025 15:39:46: Admin stats retrieved
[INFO] 19-11-2025 15:39:48: Admin stats retrieved
[INFO] 19-11-2025 15:39:52: Admin stats retrieved
[INFO] 19-11-2025 15:40:03: Processes retrieved: 8
[INFO] 19-11-2025 15:40:05: Admin stats retrieved
[INFO] 19-11-2025 15:40:16: Admin stats retrieved
[INFO] 19-11-2025 15:40:58: Admin stats retrieved
[INFO] 19-11-2025 15:41:03: Processes retrieved: 8
[INFO] 19-11-2025 15:41:04: Positions retrieved: 0
[INFO] 19-11-2025 15:41:05: Admin stats retrieved
[INFO] 19-11-2025 15:43:14: Admin stats retrieved
[INFO] 19-11-2025 15:58:14: Admin stats retrieved
[INFO] 19-11-2025 15:59:12: Admin stats retrieved
[WARN] 19-11-2025 16:03:21: Token verification failed
[INFO] 19-11-2025 16:03:29: User logged in: admin@test.com
[INFO] 19-11-2025 16:03:30: Admin stats retrieved
[INFO] 19-11-2025 16:03:58: Processes retrieved: 8
[INFO] 19-11-2025 16:03:59: Positions retrieved: 0
[INFO] 19-11-2025 16:03:59: Admin stats retrieved
[INFO] 19-11-2025 16:04:26: Admin stats retrieved
[INFO] 19-11-2025 16:05:17: Admin stats retrieved
[INFO] 19-11-2025 16:08:30: Processes retrieved: 8
[INFO] 19-11-2025 16:08:32: Positions retrieved: 0
[INFO] 19-11-2025 16:08:34: Admin stats retrieved
[INFO] 19-11-2025 16:08:40: Admin stats retrieved
[INFO] 19-11-2025 16:09:23: Admin stats retrieved
[INFO] 19-11-2025 16:14:17: Processes retrieved: 8
[INFO] 19-11-2025 16:14:18: Positions retrieved: 0
[INFO] 19-11-2025 16:14:23: Admin stats retrieved
[INFO] 19-11-2025 16:14:24: Admin stats retrieved
[INFO] 19-11-2025 16:14:25: Processes retrieved: 8
[INFO] 19-11-2025 16:14:26: Positions retrieved: 0
[INFO] 19-11-2025 16:14:29: Admin stats retrieved
[INFO] 19-11-2025 16:14:30: Admin stats retrieved
[INFO] 19-11-2025 16:17:17: Admin stats retrieved
[INFO] 19-11-2025 16:17:19: Admin stats retrieved
[INFO] 19-11-2025 16:18:33: Admin stats retrieved
[INFO] 19-11-2025 16:18:54: Admin stats retrieved
[INFO] 19-11-2025 16:18:58: Admin stats retrieved
[INFO] 19-11-2025 16:19:04: Admin stats retrieved
[INFO] 19-11-2025 16:19:08: Admin stats retrieved
[INFO] 19-11-2025 16:19:11: Admin stats retrieved
[INFO] 19-11-2025 16:20:38: Processes retrieved: 8
[INFO] 19-11-2025 16:20:39: Positions retrieved: 0
[INFO] 19-11-2025 16:20:40: Admin stats retrieved
[INFO] 19-11-2025 16:21:00: Admin stats retrieved
[INFO] 19-11-2025 16:21:05: Admin stats retrieved
[INFO] 19-11-2025 16:21:15: Admin stats retrieved
[INFO] 19-11-2025 16:21:23: Admin stats retrieved
[INFO] 19-11-2025 16:21:28: Admin stats retrieved
[INFO] 19-11-2025 16:21:47: Admin stats retrieved
[INFO] 19-11-2025 16:21:56: Admin stats retrieved
[INFO] 19-11-2025 16:22:03: Admin stats retrieved
[INFO] 19-11-2025 16:22:07: Admin stats retrieved
[INFO] 19-11-2025 16:26:10: Processes retrieved: 8
[INFO] 19-11-2025 16:26:11: Admin stats retrieved
[INFO] 19-11-2025 16:26:11: Processes retrieved: 8
[INFO] 19-11-2025 16:26:15: Positions retrieved: 0
[INFO] 19-11-2025 16:26:16: Processes retrieved: 8
[INFO] 19-11-2025 16:26:17: Admin stats retrieved
[INFO] 19-11-2025 16:26:17: Processes retrieved: 8
[INFO] 19-11-2025 16:26:18: Positions retrieved: 0
[INFO] 19-11-2025 16:26:19: Admin stats retrieved
[INFO] 19-11-2025 16:26:45: La base de datos ya fue inicializada, saltando procesos.
[INFO] 19-11-2025 16:26:45: Server ON http://localhost:3001
[INFO] 19-11-2025 16:27:57: Admin stats retrieved
[INFO] 19-11-2025 16:28:07: Admin stats retrieved
[INFO] 19-11-2025 16:33:23: Admin stats retrieved
[INFO] 19-11-2025 16:33:26: Admin stats retrieved
[INFO] 19-11-2025 16:33:27: Admin stats retrieved
[INFO] 19-11-2025 16:35:15: Admin stats retrieved
[INFO] 19-11-2025 16:35:28: Admin stats retrieved
[INFO] 19-11-2025 16:36:34: La base de datos ya fue inicializada, saltando procesos.
[INFO] 19-11-2025 16:36:34: Server ON http://localhost:3001
[INFO] 19-11-2025 16:36:37: La base de datos ya fue inicializada, saltando procesos.
[INFO] 19-11-2025 16:36:37: Server ON http://localhost:3001
[INFO] 19-11-2025 16:37:21: La base de datos ya fue inicializada, saltando procesos.
[INFO] 19-11-2025 16:37:21: Indicator settings initialized for year 2025
[INFO] 19-11-2025 16:37:21: Server ON http://localhost:3001
[INFO] 19-11-2025 16:37:29: La base de datos ya fue inicializada, saltando procesos.
[INFO] 19-11-2025 16:37:29: Indicator settings already exist for year 2025
[INFO] 19-11-2025 16:37:29: Server ON http://localhost:3001
[INFO] 19-11-2025 16:37:36: La base de datos ya fue inicializada, saltando procesos.
[INFO] 19-11-2025 16:37:36: Indicator settings already exist for year 2025
[INFO] 19-11-2025 16:37:36: Server ON http://localhost:3001
[INFO] 19-11-2025 16:37:40: La base de datos ya fue inicializada, saltando procesos.
[INFO] 19-11-2025 16:37:40: Indicator settings already exist for year 2025
[INFO] 19-11-2025 16:37:40: Server ON http://localhost:3001
[INFO] 19-11-2025 16:40:45: Admin stats retrieved
[INFO] 19-11-2025 16:40:55: Admin stats retrieved
[INFO] 19-11-2025 16:40:55: Admin stats retrieved
[INFO] 19-11-2025 16:40:57: Admin stats retrieved
[INFO] 19-11-2025 16:40:58: Admin stats retrieved
[INFO] 19-11-2025 16:41:04: Admin stats retrieved
[INFO] 19-11-2025 16:41:06: Admin stats retrieved
[INFO] 19-11-2025 16:41:06: Admin stats retrieved
[INFO] 19-11-2025 16:41:07: Admin stats retrieved
[INFO] 19-11-2025 16:41:08: Admin stats retrieved
[INFO] 19-11-2025 16:41:09: Admin stats retrieved
[INFO] 19-11-2025 16:41:15: Admin stats retrieved
[INFO] 19-11-2025 16:41:17: Admin stats retrieved
[INFO] 19-11-2025 16:41:22: Admin stats retrieved
[INFO] 19-11-2025 16:42:29: Processes retrieved: 8
[INFO] 19-11-2025 16:42:31: Admin stats retrieved
[INFO] 19-11-2025 16:42:51: Indicator settings retrieved for year 2025
[INFO] 19-11-2025 16:43:02: Admin stats retrieved
[INFO] 19-11-2025 16:46:56: Processes retrieved: 8
[INFO] 19-11-2025 16:46:57: Admin stats retrieved
[INFO] 19-11-2025 16:49:41: Processes retrieved: 8
[INFO] 19-11-2025 16:49:44: Positions retrieved: 0
[INFO] 19-11-2025 16:49:45: Processes retrieved: 8
[INFO] 19-11-2025 16:49:48: Admin stats retrieved
[INFO] 19-11-2025 16:49:50: Processes retrieved: 8
[INFO] 19-11-2025 16:49:51: Admin stats retrieved
[INFO] 19-11-2025 16:49:52: Positions retrieved: 0
[INFO] 19-11-2025 16:50:07: Admin stats retrieved
[INFO] 19-11-2025 16:50:08: Processes retrieved: 8
[INFO] 19-11-2025 16:50:09: Positions retrieved: 0
[INFO] 19-11-2025 16:50:14: Admin stats retrieved
[INFO] 19-11-2025 16:50:40: Admin stats retrieved
[INFO] 19-11-2025 16:55:31: Admin stats retrieved
[INFO] 19-11-2025 16:55:48: Admin stats retrieved
[INFO] 19-11-2025 16:57:18: Processes retrieved: 8
[INFO] 19-11-2025 16:57:20: Positions retrieved: 0
[INFO] 19-11-2025 16:57:42: Admin stats retrieved
[INFO] 19-11-2025 16:57:53: Indicator settings retrieved for year 2025
[INFO] 19-11-2025 16:58:16: Admin stats retrieved
[INFO] 19-11-2025 17:00:16: Processes retrieved: 8
[INFO] 19-11-2025 17:00:19: Positions retrieved: 0
[INFO] 19-11-2025 17:00:20: Processes retrieved: 8
[INFO] 19-11-2025 17:00:39: Processes retrieved: 8
[INFO] 19-11-2025 17:00:46: Admin stats retrieved
[INFO] 19-11-2025 17:00:49: Indicator settings retrieved for year 2025
[INFO] 19-11-2025 17:00:52: Admin stats retrieved
[WARN] 19-11-2025 17:13:08: Token verification failed
[INFO] 19-11-2025 17:13:48: User logged in: recruiter@test.com
[INFO] 19-11-2025 17:14:18: User logged in: client@test.com
[INFO] 19-11-2025 17:14:18: Positions retrieved: 3
[INFO] 19-11-2025 17:14:18: Processes retrieved: 2
[INFO] 19-11-2025 17:14:22: Positions retrieved: 3
[INFO] 19-11-2025 17:14:30: Processes retrieved: 2
[INFO] 19-11-2025 17:14:32: Positions retrieved: 3
[INFO] 19-11-2025 17:14:32: Processes retrieved: 2
[INFO] 19-11-2025 17:14:46: User logged in: client@test.com
[INFO] 19-11-2025 17:14:46: Positions retrieved: 3
[INFO] 19-11-2025 17:14:46: Processes retrieved: 2
[INFO] 19-11-2025 17:18:13: User logged in: talent@test.com
[INFO] 19-11-2025 17:18:15: User logged in: talent@test.com
[INFO] 19-11-2025 17:18:16: Profile retrieved for talent: 5
[INFO] 19-11-2025 17:18:16: Processes retrieved: 3
[INFO] 19-11-2025 17:18:19: Profile retrieved for talent: 5
[INFO] 19-11-2025 17:18:23: CVs retrieved for talent: 5
[INFO] 19-11-2025 17:18:23: Profile retrieved for talent: 5
[INFO] 19-11-2025 17:18:29: Processes retrieved: 3
[INFO] 19-11-2025 17:18:52: Profile retrieved for talent: 5
[INFO] 19-11-2025 17:20:03: Profile retrieved for talent: 5
[INFO] 19-11-2025 17:20:28: CVs retrieved for talent: 5
[INFO] 19-11-2025 17:20:28: Profile retrieved for talent: 5
[INFO] 19-11-2025 17:20:32: Profile retrieved for talent: 5
[INFO] 19-11-2025 17:20:33: Profile retrieved for talent: 5
[INFO] 19-11-2025 17:20:33: Processes retrieved: 3
[INFO] 19-11-2025 17:20:37: Processes retrieved: 3
[INFO] 19-11-2025 17:21:04: Profile retrieved for talent: 5
[INFO] 19-11-2025 17:21:20: Profile retrieved for talent: 5
[INFO] 19-11-2025 17:21:20: Processes retrieved: 3
[INFO] 19-11-2025 17:21:30: CVs retrieved for talent: 5
[INFO] 19-11-2025 17:21:30: Profile retrieved for talent: 5
[INFO] 19-11-2025 17:22:00: Processes retrieved: 3
[INFO] 19-11-2025 17:22:39: Profile retrieved for talent: 5
[INFO] 19-11-2025 17:22:39: Processes retrieved: 3
[INFO] 19-11-2025 17:22:42: Profile retrieved for talent: 5
[INFO] 19-11-2025 17:22:51: La base de datos ya fue inicializada, saltando procesos.
[INFO] 19-11-2025 17:22:51: Indicator settings already exist for year 2025
[INFO] 19-11-2025 17:22:51: Server ON http://localhost:3001
[INFO] 19-11-2025 17:22:56: La base de datos ya fue inicializada, saltando procesos.
[INFO] 19-11-2025 17:22:56: Indicator settings already exist for year 2025
[INFO] 19-11-2025 17:22:56: Server ON http://localhost:3001
[INFO] 19-11-2025 17:23:00: La base de datos ya fue inicializada, saltando procesos.
[INFO] 19-11-2025 17:23:00: Indicator settings already exist for year 2025
[INFO] 19-11-2025 17:23:00: Server ON http://localhost:3001
[INFO] 19-11-2025 17:23:04: La base de datos ya fue inicializada, saltando procesos.
[INFO] 19-11-2025 17:23:04: Indicator settings already exist for year 2025
[INFO] 19-11-2025 17:23:04: Server ON http://localhost:3001
[INFO] 19-11-2025 17:24:06: La base de datos ya fue inicializada, saltando procesos.
[INFO] 19-11-2025 17:24:06: Indicator settings already exist for year 2025
[INFO] 19-11-2025 17:24:06: Server ON http://localhost:3001
[INFO] 19-11-2025 17:24:08: Processes retrieved: 3
[INFO] 19-11-2025 17:24:08: Profile retrieved for talent: 5
[INFO] 19-11-2025 17:24:09: Profile retrieved for talent: 5
[INFO] 19-11-2025 17:24:22: Profile picture uploaded for user: 5
[INFO] 19-11-2025 17:24:22: Profile retrieved for talent: 5
[INFO] 19-11-2025 17:24:27: Profile retrieved for talent: 5
[INFO] 19-11-2025 17:26:41: La base de datos ya fue inicializada, saltando procesos.
[INFO] 19-11-2025 17:26:41: Indicator settings already exist for year 2025
[INFO] 19-11-2025 17:26:41: Server ON http://localhost:3001
[INFO] 19-11-2025 17:26:46: La base de datos ya fue inicializada, saltando procesos.
[INFO] 19-11-2025 17:26:46: Indicator settings already exist for year 2025
[INFO] 19-11-2025 17:26:46: Server ON http://localhost:3001
[INFO] 19-11-2025 17:26:52: La base de datos ya fue inicializada, saltando procesos.
[INFO] 19-11-2025 17:26:52: Indicator settings already exist for year 2025
[INFO] 19-11-2025 17:26:52: Server ON http://localhost:3001
[INFO] 19-11-2025 17:26:54: La base de datos ya fue inicializada, saltando procesos.
[INFO] 19-11-2025 17:26:54: Indicator settings already exist for year 2025
[INFO] 19-11-2025 17:26:54: Server ON http://localhost:3001
[INFO] 19-11-2025 17:27:00: La base de datos ya fue inicializada, saltando procesos.
[INFO] 19-11-2025 17:27:00: Indicator settings already exist for year 2025
[INFO] 19-11-2025 17:27:00: Server ON http://localhost:3001
[INFO] 19-11-2025 17:27:05: La base de datos ya fue inicializada, saltando procesos.
[INFO] 19-11-2025 17:27:05: Indicator settings already exist for year 2025
[INFO] 19-11-2025 17:27:05: Server ON http://localhost:3001
[INFO] 19-11-2025 17:27:10: La base de datos ya fue inicializada, saltando procesos.
[INFO] 19-11-2025 17:27:10: Indicator settings already exist for year 2025
[INFO] 19-11-2025 17:27:10: Server ON http://localhost:3001
[INFO] 19-11-2025 17:27:10: Iniciando migración de currentCVId...
[INFO] 19-11-2025 17:27:10: Encontrados 10 usuarios con CVs sin currentCVId
[INFO] 19-11-2025 17:27:10: Usuario 22 actualizado con currentCVId: 11
[INFO] 19-11-2025 17:27:10: Usuario 15 actualizado con currentCVId: 4
[INFO] 19-11-2025 17:27:10: Usuario 19 actualizado con currentCVId: 8
[INFO] 19-11-2025 17:27:10: Usuario 21 actualizado con currentCVId: 10
[INFO] 19-11-2025 17:27:10: Usuario 17 actualizado con currentCVId: 6
[INFO] 19-11-2025 17:27:10: Usuario 5 actualizado con currentCVId: 2
[INFO] 19-11-2025 17:27:10: Usuario 14 actualizado con currentCVId: 3
[INFO] 19-11-2025 17:27:10: Usuario 16 actualizado con currentCVId: 5
[INFO] 19-11-2025 17:27:10: Usuario 20 actualizado con currentCVId: 9
[INFO] 19-11-2025 17:27:10: Usuario 18 actualizado con currentCVId: 7
[INFO] 19-11-2025 17:27:10: Migración completada. 10 usuarios actualizados.
[INFO] 19-11-2025 17:27:10: Migración finalizada exitosamente
[INFO] 19-11-2025 17:27:18: La base de datos ya fue inicializada, saltando procesos.
[INFO] 19-11-2025 17:27:18: Indicator settings already exist for year 2025
[INFO] 19-11-2025 17:27:18: Server ON http://localhost:3001
[INFO] 19-11-2025 17:27:47: Profile picture uploaded for user: 5
[INFO] 19-11-2025 17:27:48: Profile retrieved for talent: 5
[INFO] 19-11-2025 17:27:50: Profile retrieved for talent: 5
[INFO] 19-11-2025 17:28:43: La base de datos ya fue inicializada, saltando procesos.
[INFO] 19-11-2025 17:28:43: Indicator settings already exist for year 2025
[INFO] 19-11-2025 17:28:43: Server ON http://localhost:3001
[INFO] 19-11-2025 17:28:47: Profile retrieved for talent: 5
[INFO] 19-11-2025 17:36:25: User logged in: admin@test.com
